
> rest-express@1.0.0 build
> tsx script/build.ts

building client...
vite v6.4.1 building for production...
transforming...

A PostCSS plugin did not pass the `from` option to `postcss.parse`. This may cause imported assets to be incorrectly transformed. If you've recently added a PostCSS plugin that raised this warning, please contact the package author to fix the issue.
✓ 1586 modules transformed.
✗ Build failed in 1.39s
[vite]: Rollup failed to resolve import "@sanity/image-url" from "/Users/tonynguyen/Downloads/evercapableweb/EverCapablecom/client/src/lib/sanity.ts".
This is most likely unintended because it can break your application at runtime.
If you do want to externalize this module explicitly add it to
`build.rollupOptions.external`
    at viteLog (/Users/tonynguyen/Downloads/evercapableweb/EverCapablecom/node_modules/vite/dist/node/chunks/dep-D4NMHUTW.js:46374:15)
    at <anonymous> (/Users/tonynguyen/Downloads/evercapableweb/EverCapablecom/node_modules/vite/dist/node/chunks/dep-D4NMHUTW.js:46432:18)
    at onwarn (/Users/tonynguyen/Downloads/evercapableweb/EverCapablecom/node_modules/@vitejs/plugin-react/dist/index.js:90:7)
    at <anonymous> (/Users/tonynguyen/Downloads/evercapableweb/EverCapablecom/node_modules/vite/dist/node/chunks/dep-D4NMHUTW.js:46430:7)
    at onRollupLog (/Users/tonynguyen/Downloads/evercapableweb/EverCapablecom/node_modules/vite/dist/node/chunks/dep-D4NMHUTW.js:46422:5)
    at onLog (/Users/tonynguyen/Downloads/evercapableweb/EverCapablecom/node_modules/vite/dist/node/chunks/dep-D4NMHUTW.js:46072:7)
    at <anonymous> (/Users/tonynguyen/Downloads/evercapableweb/EverCapablecom/node_modules/rollup/dist/es/shared/node-entry.js:21004:32)
    at Object.logger (/Users/tonynguyen/Downloads/evercapableweb/EverCapablecom/node_modules/rollup/dist/es/shared/node-entry.js:22891:9)
    at ModuleLoader.handleInvalidResolvedId (/Users/tonynguyen/Downloads/evercapableweb/EverCapablecom/node_modules/rollup/dist/es/shared/node-entry.js:21635:26)
    at <anonymous> (/Users/tonynguyen/Downloads/evercapableweb/EverCapablecom/node_modules/rollup/dist/es/shared/node-entry.js:21593:26) {
  watchFiles: [
    '/Users/tonynguyen/Downloads/evercapableweb/EverCapablecom/client/index.html',
    '/Users/tonynguyen/Downloads/evercapableweb/EverCapablecom/client/src/main.tsx',
    '/Users/tonynguyen/Downloads/evercapableweb/EverCapablecom/package.json',
    '/Users/tonynguyen/Downloads/evercapableweb/EverCapablecom/node_modules/react/jsx-runtime.js',
    '/Users/tonynguyen/Downloads/evercapableweb/EverCapablecom/node_modules/react-dom/client.js',
    '/Users/tonynguyen/Downloads/evercapableweb/EverCapablecom/client/src/index.css',
    '/Users/tonynguyen/Downloads/evercapableweb/EverCapablecom/client/src/App.tsx',
    '/Users/tonynguyen/Downloads/evercapableweb/EverCapablecom/node_modules/react-dom/index.js',
    '/Users/tonynguyen/Downloads/evercapableweb/EverCapablecom/node_modules/@tanstack/react-query/build/modern/index.js',
    '/Users/tonynguyen/Downloads/evercapableweb/EverCapablecom/node_modules/react/cjs/react-jsx-runtime.production.min.js',
    '/Users/tonynguyen/Downloads/evercapableweb/EverCapablecom/node_modules/wouter/esm/index.js',
    '/Users/tonynguyen/Downloads/evercapableweb/EverCapablecom/client/src/lib/queryClient.ts',
    '/Users/tonynguyen/Downloads/evercapableweb/EverCapablecom/client/src/components/ui/toaster.tsx',
    '/Users/tonynguyen/Downloads/evercapableweb/EverCapablecom/client/src/pages/not-found.tsx',
    '/Users/tonynguyen/Downloads/evercapableweb/EverCapablecom/client/src/components/ui/tooltip.tsx',
    '/Users/tonynguyen/Downloads/evercapableweb/EverCapablecom/client/src/components/ThemeProvider.tsx',
    '/Users/tonynguyen/Downloads/evercapableweb/EverCapablecom/client/src/pages/home.tsx',
    '/Users/tonynguyen/Downloads/evercapableweb/EverCapablecom/client/src/pages/Article.tsx',
    '/Users/tonynguyen/Downloads/evercapableweb/EverCapablecom/client/src/pages/Journal.tsx',
    '/Users/tonynguyen/Downloads/evercapableweb/EverCapablecom/client/src/pages/Initialize.tsx',
    '/Users/tonynguyen/Downloads/evercapableweb/EverCapablecom/client/src/hooks/use-toast.ts',
    '/Users/tonynguyen/Downloads/evercapableweb/EverCapablecom/client/src/lib/sanity.ts',
    '/Users/tonynguyen/Downloads/evercapableweb/EverCapablecom/client/src/lib/utils.ts',
    '/Users/tonynguyen/Downloads/evercapableweb/EverCapablecom/client/src/components/About.tsx',
    '/Users/tonynguyen/Downloads/evercapableweb/EverCapablecom/client/src/components/Coach.tsx',
    '/Users/tonynguyen/Downloads/evercapableweb/EverCapablecom/client/src/components/Contact.tsx',
    '/Users/tonynguyen/Downloads/evercapableweb/EverCapablecom/client/src/components/DataSection.tsx',
    '/Users/tonynguyen/Downloads/evercapableweb/EverCapablecom/client/src/components/FAQ.tsx',
    '/Users/tonynguyen/Downloads/evercapableweb/EverCapablecom/client/src/components/Familiar.tsx',
    '/Users/tonynguyen/Downloads/evercapableweb/EverCapablecom/client/src/components/Footer.tsx',
    '/Users/tonynguyen/Downloads/evercapableweb/EverCapablecom/client/src/components/Header.tsx',
    '/Users/tonynguyen/Downloads/evercapableweb/EverCapablecom/client/src/components/Hero.tsx',
    '/Users/tonynguyen/Downloads/evercapableweb/EverCapablecom/client/src/components/HowItWorks.tsx',
    '/Users/tonynguyen/Downloads/evercapableweb/EverCapablecom/client/src/components/LatestArticles.tsx',
    '/Users/tonynguyen/Downloads/evercapableweb/EverCapablecom/client/src/components/Method.tsx',
    '/Users/tonynguyen/Downloads/evercapableweb/EverCapablecom/client/src/components/Pricing.tsx',
    '/Users/tonynguyen/Downloads/evercapableweb/EverCapablecom/client/src/components/PrivacyModal.tsx',
    '/Users/tonynguyen/Downloads/evercapableweb/EverCapablecom/client/src/components/Results.tsx',
    '/Users/tonynguyen/Downloads/evercapableweb/EverCapablecom/client/src/components/Services.tsx',
    '/Users/tonynguyen/Downloads/evercapableweb/EverCapablecom/client/src/components/Stats.tsx',
    '/Users/tonynguyen/Downloads/evercapableweb/EverCapablecom/client/src/components/SystemIntegrityTest.tsx',
    '/Users/tonynguyen/Downloads/evercapableweb/EverCapablecom/client/src/components/TermsModal.tsx',
    '/Users/tonynguyen/Downloads/evercapableweb/EverCapablecom/client/src/components/Testimonial.tsx',
    '/Users/tonynguyen/Downloads/evercapableweb/EverCapablecom/client/src/components/ThemeToggle.tsx',
    '/Users/tonynguyen/Downloads/evercapableweb/EverCapablecom/client/src/components/TrustSection.tsx',
    '/Users/tonynguyen/Downloads/evercapableweb/EverCapablecom/client/src/components/ui/accordion.tsx',
    '/Users/tonynguyen/Downloads/evercapableweb/EverCapablecom/client/src/components/ui/alert-dialog.tsx',
    '/Users/tonynguyen/Downloads/evercapableweb/EverCapablecom/client/src/components/ui/alert.tsx',
    '/Users/tonynguyen/Downloads/evercapableweb/EverCapablecom/client/src/components/ui/aspect-ratio.tsx',
    '/Users/tonynguyen/Downloads/evercapableweb/EverCapablecom/client/src/components/ui/avatar.tsx',
    '/Users/tonynguyen/Downloads/evercapableweb/EverCapablecom/client/src/components/ui/badge.tsx',
    '/Users/tonynguyen/Downloads/evercapableweb/EverCapablecom/client/src/components/ui/breadcrumb.tsx',
    '/Users/tonynguyen/Downloads/evercapableweb/EverCapablecom/client/src/components/ui/button.tsx',
    '/Users/tonynguyen/Downloads/evercapableweb/EverCapablecom/client/src/components/ui/calendar.tsx',
    '/Users/tonynguyen/Downloads/evercapableweb/EverCapablecom/client/src/components/ui/card.tsx',
    '/Users/tonynguyen/Downloads/evercapableweb/EverCapablecom/client/src/components/ui/carousel.tsx',
    '/Users/tonynguyen/Downloads/evercapableweb/EverCapablecom/client/src/components/ui/chart.tsx',
    '/Users/tonynguyen/Downloads/evercapableweb/EverCapablecom/client/src/components/ui/checkbox.tsx',
    '/Users/tonynguyen/Downloads/evercapableweb/EverCapablecom/client/src/components/ui/collapsible.tsx',
    '/Users/tonynguyen/Downloads/evercapableweb/EverCapablecom/client/src/components/ui/command.tsx',
    '/Users/tonynguyen/Downloads/evercapableweb/EverCapablecom/client/src/components/ui/context-menu.tsx',
    '/Users/tonynguyen/Downloads/evercapableweb/EverCapablecom/client/src/components/ui/dialog.tsx',
    '/Users/tonynguyen/Downloads/evercapableweb/EverCapablecom/client/src/components/ui/drawer.tsx',
    '/Users/tonynguyen/Downloads/evercapableweb/EverCapablecom/client/src/components/ui/dropdown-menu.tsx',
    '/Users/tonynguyen/Downloads/evercapableweb/EverCapablecom/client/src/components/ui/form.tsx',
    '/Users/tonynguyen/Downloads/evercapableweb/EverCapablecom/client/src/components/ui/hover-card.tsx',
    '/Users/tonynguyen/Downloads/evercapableweb/EverCapablecom/client/src/components/ui/input-otp.tsx',
    '/Users/tonynguyen/Downloads/evercapableweb/EverCapablecom/client/src/components/ui/input.tsx',
    '/Users/tonynguyen/Downloads/evercapableweb/EverCapablecom/client/src/components/ui/label.tsx',
    '/Users/tonynguyen/Downloads/evercapableweb/EverCapablecom/client/src/components/ui/menubar.tsx',
    '/Users/tonynguyen/Downloads/evercapableweb/EverCapablecom/client/src/components/ui/navigation-menu.tsx',
    '/Users/tonynguyen/Downloads/evercapableweb/EverCapablecom/client/src/components/ui/pagination.tsx',
    '/Users/tonynguyen/Downloads/evercapableweb/EverCapablecom/client/src/components/ui/popover.tsx',
    '/Users/tonynguyen/Downloads/evercapableweb/EverCapablecom/client/src/components/ui/progress.tsx',
    '/Users/tonynguyen/Downloads/evercapableweb/EverCapablecom/client/src/components/ui/radio-group.tsx',
    '/Users/tonynguyen/Downloads/evercapableweb/EverCapablecom/client/src/components/ui/resizable.tsx',
    '/Users/tonynguyen/Downloads/evercapableweb/EverCapablecom/client/src/components/ui/scroll-area.tsx',
    '/Users/tonynguyen/Downloads/evercapableweb/EverCapablecom/client/src/components/ui/select.tsx',
    '/Users/tonynguyen/Downloads/evercapableweb/EverCapablecom/client/src/components/ui/separator.tsx',
    '/Users/tonynguyen/Downloads/evercapableweb/EverCapablecom/client/src/components/ui/sheet.tsx',
    '/Users/tonynguyen/Downloads/evercapableweb/EverCapablecom/client/src/components/ui/sidebar.tsx',
    '/Users/tonynguyen/Downloads/evercapableweb/EverCapablecom/client/src/components/ui/skeleton.tsx',
    '/Users/tonynguyen/Downloads/evercapableweb/EverCapablecom/client/src/components/ui/slider.tsx',
    '/Users/tonynguyen/Downloads/evercapableweb/EverCapablecom/client/src/components/ui/switch.tsx',
    '/Users/tonynguyen/Downloads/evercapableweb/EverCapablecom/client/src/components/ui/table.tsx',
    '/Users/tonynguyen/Downloads/evercapableweb/EverCapablecom/client/src/components/ui/tabs.tsx',
    '/Users/tonynguyen/Downloads/evercapableweb/EverCapablecom/client/src/components/ui/textarea.tsx',
    '/Users/tonynguyen/Downloads/evercapableweb/EverCapablecom/client/src/components/ui/toast.tsx',
    '/Users/tonynguyen/Downloads/evercapableweb/EverCapablecom/client/src/components/ui/toggle-group.tsx',
    '/Users/tonynguyen/Downloads/evercapableweb/EverCapablecom/client/src/components/ui/toggle.tsx',
    '/Users/tonynguyen/Downloads/evercapableweb/EverCapablecom/client/src/hooks/use-mobile.tsx',
    '/Users/tonynguyen/Downloads/evercapableweb/EverCapablecom/client/src/pages/Calibrate.tsx',
    '/Users/tonynguyen/Downloads/evercapableweb/EverCapablecom/tailwind.config.ts',
    '/Users/tonynguyen/Downloads/evercapableweb/EverCapablecom/node_modules/react/index.js',
    '/Users/tonynguyen/Downloads/evercapableweb/EverCapablecom/node_modules/react-dom/cjs/react-dom.production.min.js',
    '/Users/tonynguyen/Downloads/evercapableweb/EverCapablecom/node_modules/@tanstack/query-core/build/modern/index.js',
    '/Users/tonynguyen/Downloads/evercapableweb/EverCapablecom/node_modules/@tanstack/react-query/build/modern/useQuery.js',
    '/Users/tonynguyen/Downloads/evercapableweb/EverCapablecom/node_modules/@tanstack/react-query/build/modern/useSuspenseQuery.js',
    '/Users/tonynguyen/Downloads/evercapableweb/EverCapablecom/node_modules/@tanstack/react-query/build/modern/useQueries.js',
    '/Users/tonynguyen/Downloads/evercapableweb/EverCapablecom/node_modules/@tanstack/react-query/build/modern/types.js',
    ... 1547 more items
  ]
}
